[2026-03-19T09:26:44.027Z] INFO: User Login {"playerName":"Melanie"}
[2026-03-19T09:40:00.490Z] INFO: User Login {"playerName":"Melanie"}
[2026-03-19T09:46:18.999Z] INFO: WebSocket Message: JOIN_ROOM {"roomCode":"VIOLET-FALCON","playerName":"Melanie","sender":"2v62NPQ0fSgIbwI3AAAB","timestamp":"2026-03-19T09:46:18.998Z"}
[2026-03-19T09:52:15.175Z] INFO: WebSocket Message: JOIN_ROOM {"roomCode":"VIOLET-FALCON","playerName":"Melanie","sender":"reeNqRl2ap0HO2f5AAAB","timestamp":"2026-03-19T09:52:15.175Z"}
[2026-03-19T09:52:21.348Z] INFO: WebSocket Message: DISCOVERY_REQUEST {"sender":"34BTfhw_hTkwZ_OoAAAE","timestamp":"2026-03-19T09:52:21.348Z"}
[2026-03-19T09:52:27.757Z] INFO: WebSocket Message: JOIN_ROOM {"roomCode":"VIOLET-PHOENIX","playerName":"Neil","sender":"dJH5Mxlf1ejYIiBFAAAH","timestamp":"2026-03-19T09:52:27.757Z"}
[2026-03-19T09:52:27.758Z] INFO: WebSocket Message: GAME_ANNOUNCEMENT {"roomCode":"VIOLET-PHOENIX","hostName":"Neil","playerCount":1,"maxPlayers":100,"public":true,"sender":"dJH5Mxlf1ejYIiBFAAAH","timestamp":"2026-03-19T09:52:27.758Z"}
[2026-03-19T09:52:32.722Z] INFO: WebSocket Message: HEARTBEAT {"roomCode":"VIOLET-PHOENIX","timestamp":"2026-03-19T09:52:32.722Z","sender":"dJH5Mxlf1ejYIiBFAAAH"}
[2026-03-19T09:52:37.721Z] INFO: WebSocket Message: HEARTBEAT {"roomCode":"VIOLET-PHOENIX","timestamp":"2026-03-19T09:52:37.721Z","sender":"dJH5Mxlf1ejYIiBFAAAH"}
[2026-03-19T09:52:38.781Z] INFO: WebSocket Message: DISCOVERY_REQUEST {"sender":"7J_ShQ-9MCjGvNSEAAAK","timestamp":"2026-03-19T09:52:38.781Z"}
[2026-03-19T09:52:42.720Z] INFO: WebSocket Message: HEARTBEAT {"roomCode":"VIOLET-PHOENIX","timestamp":"2026-03-19T09:52:42.720Z","sender":"dJH5Mxlf1ejYIiBFAAAH"}
[2026-03-19T09:52:47.722Z] INFO: WebSocket Message: HEARTBEAT {"roomCode":"VIOLET-PHOENIX","timestamp":"2026-03-19T09:52:47.721Z","sender":"dJH5Mxlf1ejYIiBFAAAH"}
[2026-03-19T09:52:52.721Z] INFO: WebSocket Message: HEARTBEAT {"roomCode":"VIOLET-PHOENIX","timestamp":"2026-03-19T09:52:52.721Z","sender":"dJH5Mxlf1ejYIiBFAAAH"}
[2026-03-19T09:52:53.299Z] INFO: WebSocket Message: DISCOVERY_REQUEST {"sender":"vHbO5jm6h8ogERKmAAAM","timestamp":"2026-03-19T09:52:53.299Z"}
[2026-03-19T09:52:57.719Z] INFO: WebSocket Message: HEARTBEAT {"roomCode":"VIOLET-PHOENIX","timestamp":"2026-03-19T09:52:57.719Z","sender":"dJH5Mxlf1ejYIiBFAAAH"}
[2026-03-19T09:52:59.233Z] INFO: WebSocket Message: JOIN_ROOM {"roomCode":"VIOLET-PHOENIX","playerName":"Melanie","sender":"cw5IgtIqRZCl443OAAAP","timestamp":"2026-03-19T09:52:59.233Z"}
[2026-03-19T09:53:02.720Z] INFO: WebSocket Message: HEARTBEAT {"roomCode":"VIOLET-PHOENIX","timestamp":"2026-03-19T09:53:02.719Z","sender":"dJH5Mxlf1ejYIiBFAAAH"}
[2026-03-19T09:53:07.719Z] INFO: WebSocket Message: HEARTBEAT {"roomCode":"VIOLET-PHOENIX","timestamp":"2026-03-19T09:53:07.719Z","sender":"dJH5Mxlf1ejYIiBFAAAH"}
[2026-03-19T09:53:12.719Z] INFO: WebSocket Message: HEARTBEAT {"roomCode":"VIOLET-PHOENIX","timestamp":"2026-03-19T09:53:12.719Z","sender":"dJH5Mxlf1ejYIiBFAAAH"}
[2026-03-19T09:53:17.722Z] INFO: WebSocket Message: HEARTBEAT {"roomCode":"VIOLET-PHOENIX","timestamp":"2026-03-19T09:53:17.721Z","sender":"dJH5Mxlf1ejYIiBFAAAH"}
[2026-03-19T09:53:22.719Z] INFO: WebSocket Message: HEARTBEAT {"roomCode":"VIOLET-PHOENIX","timestamp":"2026-03-19T09:53:22.719Z","sender":"dJH5Mxlf1ejYIiBFAAAH"}
[2026-03-19T09:53:27.722Z] INFO: WebSocket Message: HEARTBEAT {"roomCode":"VIOLET-PHOENIX","timestamp":"2026-03-19T09:53:27.722Z","sender":"dJH5Mxlf1ejYIiBFAAAH"}
[2026-03-19T09:53:32.718Z] INFO: WebSocket Message: HEARTBEAT {"roomCode":"VIOLET-PHOENIX","timestamp":"2026-03-19T09:53:32.718Z","sender":"dJH5Mxlf1ejYIiBFAAAH"}
[2026-03-19T09:53:37.717Z] INFO: WebSocket Message: HEARTBEAT {"roomCode":"VIOLET-PHOENIX","timestamp":"2026-03-19T09:53:37.717Z","sender":"dJH5Mxlf1ejYIiBFAAAH"}
[2026-03-19T09:53:42.720Z] INFO: WebSocket Message: HEARTBEAT {"roomCode":"VIOLET-PHOENIX","timestamp":"2026-03-19T09:53:42.720Z","sender":"dJH5Mxlf1ejYIiBFAAAH"}
[2026-03-19T09:53:47.718Z] INFO: WebSocket Message: HEARTBEAT {"roomCode":"VIOLET-PHOENIX","timestamp":"2026-03-19T09:53:47.718Z","sender":"dJH5Mxlf1ejYIiBFAAAH"}
[2026-03-19T09:53:52.718Z] INFO: WebSocket Message: HEARTBEAT {"roomCode":"VIOLET-PHOENIX","timestamp":"2026-03-19T09:53:52.718Z","sender":"dJH5Mxlf1ejYIiBFAAAH"}
[2026-03-19T09:53:57.719Z] INFO: WebSocket Message: HEARTBEAT {"roomCode":"VIOLET-PHOENIX","timestamp":"2026-03-19T09:53:57.718Z","sender":"dJH5Mxlf1ejYIiBFAAAH"}
[2026-03-19T09:54:02.717Z] INFO: WebSocket Message: HEARTBEAT {"roomCode":"VIOLET-PHOENIX","timestamp":"2026-03-19T09:54:02.717Z","sender":"dJH5Mxlf1ejYIiBFAAAH"}
[2026-03-19T09:54:07.718Z] INFO: WebSocket Message: HEARTBEAT {"roomCode":"VIOLET-PHOENIX","timestamp":"2026-03-19T09:54:07.718Z","sender":"dJH5Mxlf1ejYIiBFAAAH"}
[2026-03-19T09:54:12.716Z] INFO: WebSocket Message: HEARTBEAT {"roomCode":"VIOLET-PHOENIX","timestamp":"2026-03-19T09:54:12.716Z","sender":"dJH5Mxlf1ejYIiBFAAAH"}
[2026-03-19T09:54:17.716Z] INFO: WebSocket Message: HEARTBEAT {"roomCode":"VIOLET-PHOENIX","timestamp":"2026-03-19T09:54:17.716Z","sender":"dJH5Mxlf1ejYIiBFAAAH"}
[2026-03-19T09:54:22.718Z] INFO: WebSocket Message: HEARTBEAT {"roomCode":"VIOLET-PHOENIX","timestamp":"2026-03-19T09:54:22.718Z","sender":"dJH5Mxlf1ejYIiBFAAAH"}
[2026-03-19T09:54:27.715Z] INFO: WebSocket Message: HEARTBEAT {"roomCode":"VIOLET-PHOENIX","timestamp":"2026-03-19T09:54:27.715Z","sender":"dJH5Mxlf1ejYIiBFAAAH"}
[2026-03-19T09:54:32.721Z] INFO: WebSocket Message: HEARTBEAT {"roomCode":"VIOLET-PHOENIX","timestamp":"2026-03-19T09:54:32.721Z","sender":"dJH5Mxlf1ejYIiBFAAAH"}
[2026-03-19T09:54:37.719Z] INFO: WebSocket Message: HEARTBEAT {"roomCode":"VIOLET-PHOENIX","timestamp":"2026-03-19T09:54:37.717Z","sender":"dJH5Mxlf1ejYIiBFAAAH"}
[2026-03-19T09:54:42.716Z] INFO: WebSocket Message: HEARTBEAT {"roomCode":"VIOLET-PHOENIX","timestamp":"2026-03-19T09:54:42.715Z","sender":"dJH5Mxlf1ejYIiBFAAAH"}
[2026-03-19T09:54:47.716Z] INFO: WebSocket Message: HEARTBEAT {"roomCode":"VIOLET-PHOENIX","timestamp":"2026-03-19T09:54:47.716Z","sender":"dJH5Mxlf1ejYIiBFAAAH"}
[2026-03-19T09:54:52.716Z] INFO: WebSocket Message: HEARTBEAT {"roomCode":"VIOLET-PHOENIX","timestamp":"2026-03-19T09:54:52.716Z","sender":"dJH5Mxlf1ejYIiBFAAAH"}
[2026-03-19T09:54:57.716Z] INFO: WebSocket Message: HEARTBEAT {"roomCode":"VIOLET-PHOENIX","timestamp":"2026-03-19T09:54:57.716Z","sender":"dJH5Mxlf1ejYIiBFAAAH"}
[2026-03-19T09:55:02.719Z] INFO: WebSocket Message: HEARTBEAT {"roomCode":"VIOLET-PHOENIX","timestamp":"2026-03-19T09:55:02.719Z","sender":"dJH5Mxlf1ejYIiBFAAAH"}
[2026-03-19T09:55:07.716Z] INFO: WebSocket Message: HEARTBEAT {"roomCode":"VIOLET-PHOENIX","timestamp":"2026-03-19T09:55:07.716Z","sender":"dJH5Mxlf1ejYIiBFAAAH"}
[2026-03-19T09:55:12.716Z] INFO: WebSocket Message: HEARTBEAT {"roomCode":"VIOLET-PHOENIX","timestamp":"2026-03-19T09:55:12.715Z","sender":"dJH5Mxlf1ejYIiBFAAAH"}
[2026-03-19T09:55:17.715Z] INFO: WebSocket Message: HEARTBEAT {"roomCode":"VIOLET-PHOENIX","timestamp":"2026-03-19T09:55:17.715Z","sender":"dJH5Mxlf1ejYIiBFAAAH"}
[2026-03-19T09:55:22.719Z] INFO: WebSocket Message: HEARTBEAT {"roomCode":"VIOLET-PHOENIX","timestamp":"2026-03-19T09:55:22.718Z","sender":"dJH5Mxlf1ejYIiBFAAAH"}
[2026-03-19T09:55:27.715Z] INFO: WebSocket Message: HEARTBEAT {"roomCode":"VIOLET-PHOENIX","timestamp":"2026-03-19T09:55:27.715Z","sender":"dJH5Mxlf1ejYIiBFAAAH"}
[2026-03-19T09:55:32.715Z] INFO: WebSocket Message: HEARTBEAT {"roomCode":"VIOLET-PHOENIX","timestamp":"2026-03-19T09:55:32.714Z","sender":"dJH5Mxlf1ejYIiBFAAAH"}
[2026-03-19T09:55:37.715Z] INFO: WebSocket Message: HEARTBEAT {"roomCode":"VIOLET-PHOENIX","timestamp":"2026-03-19T09:55:37.715Z","sender":"dJH5Mxlf1ejYIiBFAAAH"}
[2026-03-19T09:55:42.714Z] INFO: WebSocket Message: HEARTBEAT {"roomCode":"VIOLET-PHOENIX","timestamp":"2026-03-19T09:55:42.714Z","sender":"dJH5Mxlf1ejYIiBFAAAH"}
[2026-03-19T09:55:47.715Z] INFO: WebSocket Message: HEARTBEAT {"roomCode":"VIOLET-PHOENIX","timestamp":"2026-03-19T09:55:47.714Z","sender":"dJH5Mxlf1ejYIiBFAAAH"}
[2026-03-19T09:55:52.717Z] INFO: WebSocket Message: HEARTBEAT {"roomCode":"VIOLET-PHOENIX","timestamp":"2026-03-19T09:55:52.716Z","sender":"dJH5Mxlf1ejYIiBFAAAH"}
[2026-03-19T09:55:57.713Z] INFO: WebSocket Message: HEARTBEAT {"roomCode":"VIOLET-PHOENIX","timestamp":"2026-03-19T09:55:57.713Z","sender":"dJH5Mxlf1ejYIiBFAAAH"}
[2026-03-19T09:56:02.713Z] INFO: WebSocket Message: HEARTBEAT {"roomCode":"VIOLET-PHOENIX","timestamp":"2026-03-19T09:56:02.713Z","sender":"dJH5Mxlf1ejYIiBFAAAH"}
[2026-03-19T09:56:07.714Z] INFO: WebSocket Message: HEARTBEAT {"roomCode":"VIOLET-PHOENIX","timestamp":"2026-03-19T09:56:07.714Z","sender":"dJH5Mxlf1ejYIiBFAAAH"}
[2026-03-19T09:56:12.721Z] INFO: WebSocket Message: HEARTBEAT {"roomCode":"VIOLET-PHOENIX","timestamp":"2026-03-19T09:56:12.721Z","sender":"dJH5Mxlf1ejYIiBFAAAH"}
[2026-03-19T09:56:17.713Z] INFO: WebSocket Message: HEARTBEAT {"roomCode":"VIOLET-PHOENIX","timestamp":"2026-03-19T09:56:17.713Z","sender":"dJH5Mxlf1ejYIiBFAAAH"}
[2026-03-19T09:56:22.715Z] INFO: WebSocket Message: HEARTBEAT {"roomCode":"VIOLET-PHOENIX","timestamp":"2026-03-19T09:56:22.715Z","sender":"dJH5Mxlf1ejYIiBFAAAH"}
[2026-03-19T09:56:27.713Z] INFO: WebSocket Message: HEARTBEAT {"roomCode":"VIOLET-PHOENIX","timestamp":"2026-03-19T09:56:27.712Z","sender":"dJH5Mxlf1ejYIiBFAAAH"}
[2026-03-19T09:56:32.712Z] INFO: WebSocket Message: HEARTBEAT {"roomCode":"VIOLET-PHOENIX","timestamp":"2026-03-19T09:56:32.712Z","sender":"dJH5Mxlf1ejYIiBFAAAH"}
[2026-03-19T09:56:37.717Z] INFO: WebSocket Message: HEARTBEAT {"roomCode":"VIOLET-PHOENIX","timestamp":"2026-03-19T09:56:37.716Z","sender":"dJH5Mxlf1ejYIiBFAAAH"}
[2026-03-19T09:56:42.715Z] INFO: WebSocket Message: HEARTBEAT {"roomCode":"VIOLET-PHOENIX","timestamp":"2026-03-19T09:56:42.714Z","sender":"dJH5Mxlf1ejYIiBFAAAH"}
[2026-03-19T09:56:47.712Z] INFO: WebSocket Message: HEARTBEAT {"roomCode":"VIOLET-PHOENIX","timestamp":"2026-03-19T09:56:47.712Z","sender":"dJH5Mxlf1ejYIiBFAAAH"}
[2026-03-19T09:56:52.713Z] INFO: WebSocket Message: HEARTBEAT {"roomCode":"VIOLET-PHOENIX","timestamp":"2026-03-19T09:56:52.712Z","sender":"dJH5Mxlf1ejYIiBFAAAH"}
[2026-03-19T09:56:57.713Z] INFO: WebSocket Message: HEARTBEAT {"roomCode":"VIOLET-PHOENIX","timestamp":"2026-03-19T09:56:57.713Z","sender":"dJH5Mxlf1ejYIiBFAAAH"}
[2026-03-19T09:57:02.712Z] INFO: WebSocket Message: HEARTBEAT {"roomCode":"VIOLET-PHOENIX","timestamp":"2026-03-19T09:57:02.712Z","sender":"dJH5Mxlf1ejYIiBFAAAH"}
[2026-03-19T09:57:07.713Z] INFO: WebSocket Message: HEARTBEAT {"roomCode":"VIOLET-PHOENIX","timestamp":"2026-03-19T09:57:07.713Z","sender":"dJH5Mxlf1ejYIiBFAAAH"}
[2026-03-19T09:57:12.713Z] INFO: WebSocket Message: HEARTBEAT {"roomCode":"VIOLET-PHOENIX","timestamp":"2026-03-19T09:57:12.713Z","sender":"dJH5Mxlf1ejYIiBFAAAH"}
[2026-03-19T09:57:17.711Z] INFO: WebSocket Message: HEARTBEAT {"roomCode":"VIOLET-PHOENIX","timestamp":"2026-03-19T09:57:17.711Z","sender":"dJH5Mxlf1ejYIiBFAAAH"}
[2026-03-19T09:57:22.715Z] INFO: WebSocket Message: HEARTBEAT {"roomCode":"VIOLET-PHOENIX","timestamp":"2026-03-19T09:57:22.715Z","sender":"dJH5Mxlf1ejYIiBFAAAH"}
[2026-03-19T09:57:27.712Z] INFO: WebSocket Message: HEARTBEAT {"roomCode":"VIOLET-PHOENIX","timestamp":"2026-03-19T09:57:27.712Z","sender":"dJH5Mxlf1ejYIiBFAAAH"}
[2026-03-19T09:57:32.712Z] INFO: WebSocket Message: HEARTBEAT {"roomCode":"VIOLET-PHOENIX","timestamp":"2026-03-19T09:57:32.712Z","sender":"dJH5Mxlf1ejYIiBFAAAH"}
[2026-03-19T09:57:37.715Z] INFO: WebSocket Message: HEARTBEAT {"roomCode":"VIOLET-PHOENIX","timestamp":"2026-03-19T09:57:37.715Z","sender":"dJH5Mxlf1ejYIiBFAAAH"}
[2026-03-19T09:57:42.712Z] INFO: WebSocket Message: HEARTBEAT {"roomCode":"VIOLET-PHOENIX","timestamp":"2026-03-19T09:57:42.712Z","sender":"dJH5Mxlf1ejYIiBFAAAH"}
[2026-03-19T09:57:47.713Z] INFO: WebSocket Message: HEARTBEAT {"roomCode":"VIOLET-PHOENIX","timestamp":"2026-03-19T09:57:47.712Z","sender":"dJH5Mxlf1ejYIiBFAAAH"}
[2026-03-19T09:58:52.271Z] INFO: WebSocket Message: DISCOVERY_REQUEST {"sender":"earkgjXguaJ5ERrJAAAC","timestamp":"2026-03-19T09:58:52.271Z"}
[2026-03-19T09:59:16.111Z] INFO: WebSocket Message: JOIN_ROOM {"roomCode":"PURPLE-PANTHER","playerName":"Neil","sender":"X8ExhYJPkYfT6_sRAAAF","timestamp":"2026-03-19T09:59:16.111Z"}
[2026-03-19T09:59:16.113Z] INFO: WebSocket Message: GAME_ANNOUNCEMENT {"roomCode":"PURPLE-PANTHER","hostName":"Neil","playerCount":1,"maxPlayers":100,"public":true,"sender":"X8ExhYJPkYfT6_sRAAAF","timestamp":"2026-03-19T09:59:16.112Z"}
[2026-03-19T09:59:21.087Z] INFO: WebSocket Message: HEARTBEAT {"roomCode":"PURPLE-PANTHER","timestamp":"2026-03-19T09:59:21.087Z","sender":"X8ExhYJPkYfT6_sRAAAF"}
[2026-03-19T09:59:26.087Z] INFO: WebSocket Message: HEARTBEAT {"roomCode":"PURPLE-PANTHER","timestamp":"2026-03-19T09:59:26.087Z","sender":"X8ExhYJPkYfT6_sRAAAF"}
[2026-03-19T09:59:31.084Z] INFO: WebSocket Message: HEARTBEAT {"roomCode":"PURPLE-PANTHER","timestamp":"2026-03-19T09:59:31.084Z","sender":"X8ExhYJPkYfT6_sRAAAF"}
[2026-03-19T09:59:36.089Z] INFO: WebSocket Message: HEARTBEAT {"roomCode":"PURPLE-PANTHER","timestamp":"2026-03-19T09:59:36.088Z","sender":"X8ExhYJPkYfT6_sRAAAF"}
[2026-03-19T09:59:37.578Z] INFO: User Login {"playerName":"Melanie"}
[2026-03-19T09:59:40.772Z] INFO: WebSocket Message: DISCOVERY_REQUEST {"sender":"nmBWC7QDN_GHHMpUAAAI","timestamp":"2026-03-19T09:59:40.772Z"}
[2026-03-19T09:59:41.085Z] INFO: WebSocket Message: HEARTBEAT {"roomCode":"PURPLE-PANTHER","timestamp":"2026-03-19T09:59:41.085Z","sender":"X8ExhYJPkYfT6_sRAAAF"}
[2026-03-19T09:59:46.086Z] INFO: WebSocket Message: HEARTBEAT {"roomCode":"PURPLE-PANTHER","timestamp":"2026-03-19T09:59:46.086Z","sender":"X8ExhYJPkYfT6_sRAAAF"}
[2026-03-19T09:59:51.085Z] INFO: WebSocket Message: HEARTBEAT {"roomCode":"PURPLE-PANTHER","timestamp":"2026-03-19T09:59:51.085Z","sender":"X8ExhYJPkYfT6_sRAAAF"}
[2026-03-19T09:59:56.084Z] INFO: WebSocket Message: HEARTBEAT {"roomCode":"PURPLE-PANTHER","timestamp":"2026-03-19T09:59:56.084Z","sender":"X8ExhYJPkYfT6_sRAAAF"}
[2026-03-19T10:00:01.086Z] INFO: WebSocket Message: HEARTBEAT {"roomCode":"PURPLE-PANTHER","timestamp":"2026-03-19T10:00:01.086Z","sender":"X8ExhYJPkYfT6_sRAAAF"}
[2026-03-19T10:00:06.084Z] INFO: WebSocket Message: HEARTBEAT {"roomCode":"PURPLE-PANTHER","timestamp":"2026-03-19T10:00:06.084Z","sender":"X8ExhYJPkYfT6_sRAAAF"}
[2026-03-19T10:00:06.632Z] INFO: WebSocket Message: JOIN_ROOM {"roomCode":"PURPLE-PANTHER","playerName":"Melanie","sender":"qhhfQTGnI8kZ2ZG_AAAL","timestamp":"2026-03-19T10:00:06.632Z"}
[2026-03-19T10:00:11.087Z] INFO: WebSocket Message: HEARTBEAT {"roomCode":"PURPLE-PANTHER","timestamp":"2026-03-19T10:00:11.087Z","sender":"X8ExhYJPkYfT6_sRAAAF"}
[2026-03-19T10:00:16.082Z] INFO: WebSocket Message: HEARTBEAT {"roomCode":"PURPLE-PANTHER","timestamp":"2026-03-19T10:00:16.082Z","sender":"X8ExhYJPkYfT6_sRAAAF"}
[2026-03-19T10:54:51.972Z] INFO: WebSocket Message: DISCOVERY_REQUEST {"senderId":"0qcnCOUBlNQcdPd7AAAB","sender":"0qcnCOUBlNQcdPd7AAAB","timestamp":"2026-03-19T10:54:51.972Z"}
[2026-03-19T10:54:51.973Z] INFO: WebSocket Message: DISCOVERY_REQUEST {"senderId":"0qcnCOUBlNQcdPd7AAAB","sender":"0qcnCOUBlNQcdPd7AAAB","timestamp":"2026-03-19T10:54:51.973Z"}
[2026-03-19T10:55:14.194Z] INFO: WebSocket Message: JOIN_ROOM {"roomCode":"CRYSTAL-VALLEY","playerName":"Neil","sender":"0qcnCOUBlNQcdPd7AAAB","timestamp":"2026-03-19T10:55:14.194Z"}
[2026-03-19T10:55:14.196Z] INFO: WebSocket Message: GAME_ANNOUNCEMENT {"roomCode":"CRYSTAL-VALLEY","hostName":"Neil","playerCount":1,"maxPlayers":100,"public":true,"senderId":"0qcnCOUBlNQcdPd7AAAB","playerName":"Neil","sender":"0qcnCOUBlNQcdPd7AAAB","timestamp":"2026-03-19T10:55:14.196Z"}
[2026-03-19T10:55:14.196Z] INFO: WebSocket Message: GAME_ANNOUNCEMENT {"roomCode":"CRYSTAL-VALLEY","hostName":"Neil","playerCount":1,"maxPlayers":100,"public":true,"senderId":"0qcnCOUBlNQcdPd7AAAB","playerName":"Neil","sender":"0qcnCOUBlNQcdPd7AAAB","timestamp":"2026-03-19T10:55:14.196Z"}
[2026-03-19T10:55:14.196Z] INFO: WebSocket Message: JOIN_ROOM {"roomCode":"CRYSTAL-VALLEY","playerName":"Neil","sender":"0qcnCOUBlNQcdPd7AAAB","timestamp":"2026-03-19T10:55:14.196Z"}
[2026-03-19T10:55:19.207Z] INFO: WebSocket Message: HEARTBEAT {"roomCode":"CRYSTAL-VALLEY","timestamp":"2026-03-19T10:55:19.202Z","senderId":"0qcnCOUBlNQcdPd7AAAB","playerName":"Neil","sender":"0qcnCOUBlNQcdPd7AAAB"}
[2026-03-19T10:55:24.194Z] INFO: WebSocket Message: HEARTBEAT {"roomCode":"CRYSTAL-VALLEY","timestamp":"2026-03-19T10:55:24.194Z","senderId":"0qcnCOUBlNQcdPd7AAAB","playerName":"Neil","sender":"0qcnCOUBlNQcdPd7AAAB"}
[2026-03-19T10:55:29.210Z] INFO: WebSocket Message: HEARTBEAT {"roomCode":"CRYSTAL-VALLEY","timestamp":"2026-03-19T10:55:29.208Z","senderId":"0qcnCOUBlNQcdPd7AAAB","playerName":"Neil","sender":"0qcnCOUBlNQcdPd7AAAB"}
[2026-03-19T10:55:34.198Z] INFO: WebSocket Message: HEARTBEAT {"roomCode":"CRYSTAL-VALLEY","timestamp":"2026-03-19T10:55:34.196Z","senderId":"0qcnCOUBlNQcdPd7AAAB","playerName":"Neil","sender":"0qcnCOUBlNQcdPd7AAAB"}
[2026-03-19T10:55:34.363Z] INFO: User Login {"playerName":"Melanie"}
[2026-03-19T10:55:39.194Z] INFO: WebSocket Message: HEARTBEAT {"roomCode":"CRYSTAL-VALLEY","timestamp":"2026-03-19T10:55:39.193Z","senderId":"0qcnCOUBlNQcdPd7AAAB","playerName":"Neil","sender":"0qcnCOUBlNQcdPd7AAAB"}
[2026-03-19T10:55:44.196Z] INFO: WebSocket Message: HEARTBEAT {"roomCode":"CRYSTAL-VALLEY","timestamp":"2026-03-19T10:55:44.196Z","senderId":"0qcnCOUBlNQcdPd7AAAB","playerName":"Neil","sender":"0qcnCOUBlNQcdPd7AAAB"}
[2026-03-19T10:55:46.314Z] INFO: WebSocket Message: DISCOVERY_REQUEST {"senderId":"SzJvper_OaPkuRGvAAAD","sender":"SzJvper_OaPkuRGvAAAD","timestamp":"2026-03-19T10:55:46.314Z"}
[2026-03-19T10:55:46.320Z] INFO: WebSocket Message: DISCOVERY_REQUEST {"senderId":"SzJvper_OaPkuRGvAAAD","sender":"SzJvper_OaPkuRGvAAAD","timestamp":"2026-03-19T10:55:46.320Z"}
[2026-03-19T10:55:49.195Z] INFO: WebSocket Message: HEARTBEAT {"roomCode":"CRYSTAL-VALLEY","timestamp":"2026-03-19T10:55:49.195Z","senderId":"0qcnCOUBlNQcdPd7AAAB","playerName":"Neil","sender":"0qcnCOUBlNQcdPd7AAAB"}
[2026-03-19T10:55:54.193Z] INFO: WebSocket Message: HEARTBEAT {"roomCode":"CRYSTAL-VALLEY","timestamp":"2026-03-19T10:55:54.192Z","senderId":"0qcnCOUBlNQcdPd7AAAB","playerName":"Neil","sender":"0qcnCOUBlNQcdPd7AAAB"}
[2026-03-19T10:55:59.193Z] INFO: WebSocket Message: HEARTBEAT {"roomCode":"CRYSTAL-VALLEY","timestamp":"2026-03-19T10:55:59.192Z","senderId":"0qcnCOUBlNQcdPd7AAAB","playerName":"Neil","sender":"0qcnCOUBlNQcdPd7AAAB"}
[2026-03-19T10:56:02.585Z] INFO: WebSocket Message: JOIN_ROOM {"roomCode":"CRYSTAL-VALLEY","playerName":"Melanie","sender":"SzJvper_OaPkuRGvAAAD","timestamp":"2026-03-19T10:56:02.585Z"}
[2026-03-19T10:56:02.586Z] INFO: WebSocket Message: JOIN_ROOM {"roomCode":"CRYSTAL-VALLEY","playerName":"Melanie","sender":"SzJvper_OaPkuRGvAAAD","timestamp":"2026-03-19T10:56:02.586Z"}
[2026-03-19T10:56:02.591Z] INFO: WebSocket Message: PLAYER_LIST_UPDATE {"roomCode":"CRYSTAL-VALLEY","players":[{"name":"Neil","id":"0qcnCOUBlNQcdPd7AAAB"},{"name":"Melanie","id":"SzJvper_OaPkuRGvAAAD"}],"senderId":"0qcnCOUBlNQcdPd7AAAB","playerName":"Neil","sender":"0qcnCOUBlNQcdPd7AAAB","timestamp":"2026-03-19T10:56:02.591Z"}
[2026-03-19T10:56:02.596Z] INFO: WebSocket Message: PLAYER_LIST_UPDATE {"roomCode":"CRYSTAL-VALLEY","players":[{"name":"Neil","id":"0qcnCOUBlNQcdPd7AAAB"},{"name":"Melanie","id":"SzJvper_OaPkuRGvAAAD"}],"senderId":"0qcnCOUBlNQcdPd7AAAB","playerName":"Neil","sender":"0qcnCOUBlNQcdPd7AAAB","timestamp":"2026-03-19T10:56:02.595Z"}
[2026-03-19T10:56:04.192Z] INFO: WebSocket Message: HEARTBEAT {"roomCode":"CRYSTAL-VALLEY","timestamp":"2026-03-19T10:56:04.192Z","senderId":"0qcnCOUBlNQcdPd7AAAB","playerName":"Neil","sender":"0qcnCOUBlNQcdPd7AAAB"}
[2026-03-19T10:56:09.193Z] INFO: WebSocket Message: HEARTBEAT {"roomCode":"CRYSTAL-VALLEY","timestamp":"2026-03-19T10:56:09.192Z","senderId":"0qcnCOUBlNQcdPd7AAAB","playerName":"Neil","sender":"0qcnCOUBlNQcdPd7AAAB"}
[2026-03-19T10:56:14.192Z] INFO: WebSocket Message: HEARTBEAT {"roomCode":"CRYSTAL-VALLEY","timestamp":"2026-03-19T10:56:14.192Z","senderId":"0qcnCOUBlNQcdPd7AAAB","playerName":"Neil","sender":"0qcnCOUBlNQcdPd7AAAB"}
[2026-03-19T10:56:19.195Z] INFO: WebSocket Message: HEARTBEAT {"roomCode":"CRYSTAL-VALLEY","timestamp":"2026-03-19T10:56:19.194Z","senderId":"0qcnCOUBlNQcdPd7AAAB","playerName":"Neil","sender":"0qcnCOUBlNQcdPd7AAAB"}
[2026-03-19T10:56:24.199Z] INFO: WebSocket Message: HEARTBEAT {"roomCode":"CRYSTAL-VALLEY","timestamp":"2026-03-19T10:56:24.199Z","senderId":"0qcnCOUBlNQcdPd7AAAB","playerName":"Neil","sender":"0qcnCOUBlNQcdPd7AAAB"}
[2026-03-19T10:56:29.192Z] INFO: WebSocket Message: HEARTBEAT {"roomCode":"CRYSTAL-VALLEY","timestamp":"2026-03-19T10:56:29.192Z","senderId":"0qcnCOUBlNQcdPd7AAAB","playerName":"Neil","sender":"0qcnCOUBlNQcdPd7AAAB"}
[2026-03-19T10:56:34.194Z] INFO: WebSocket Message: HEARTBEAT {"roomCode":"CRYSTAL-VALLEY","timestamp":"2026-03-19T10:56:34.194Z","senderId":"0qcnCOUBlNQcdPd7AAAB","playerName":"Neil","sender":"0qcnCOUBlNQcdPd7AAAB"}
[2026-03-19T10:56:39.190Z] INFO: WebSocket Message: HEARTBEAT {"roomCode":"CRYSTAL-VALLEY","timestamp":"2026-03-19T10:56:39.190Z","senderId":"0qcnCOUBlNQcdPd7AAAB","playerName":"Neil","sender":"0qcnCOUBlNQcdPd7AAAB"}
[2026-03-19T10:56:44.191Z] INFO: WebSocket Message: HEARTBEAT {"roomCode":"CRYSTAL-VALLEY","timestamp":"2026-03-19T10:56:44.191Z","senderId":"0qcnCOUBlNQcdPd7AAAB","playerName":"Neil","sender":"0qcnCOUBlNQcdPd7AAAB"}
[2026-03-19T10:56:49.192Z] INFO: WebSocket Message: HEARTBEAT {"roomCode":"CRYSTAL-VALLEY","timestamp":"2026-03-19T10:56:49.192Z","senderId":"0qcnCOUBlNQcdPd7AAAB","playerName":"Neil","sender":"0qcnCOUBlNQcdPd7AAAB"}
[2026-03-19T10:56:54.190Z] INFO: WebSocket Message: HEARTBEAT {"roomCode":"CRYSTAL-VALLEY","timestamp":"2026-03-19T10:56:54.190Z","senderId":"0qcnCOUBlNQcdPd7AAAB","playerName":"Neil","sender":"0qcnCOUBlNQcdPd7AAAB"}
